**********************
Windows PowerShell transcript start
Start time: 20240206133418
Username: MANISH\pilla
RunAs User: MANISH\pilla
Configuration Name: 
Machine: MANISH (Microsoft Windows NT 10.0.22621.0)
Host Application: C:\Windows\System32\WindowsPowerShell\v1.0\powershell.exe
Process ID: 9992
PSVersion: 5.1.22621.2506
PSEdition: Desktop
PSCompatibleVersions: 1.0, 2.0, 3.0, 4.0, 5.0, 5.1.22621.2506
BuildVersion: 10.0.22621.2506
CLRVersion: 4.0.30319.42000
WSManStackVersion: 3.0
PSRemotingProtocolVersion: 2.3
SerializationVersion: 1.1.0.1
**********************
Transcript started, output file is manish.log
PS C:\Users\pilla\automation-pl-wdio> npm init playwright@latest

PS C:\Users\pilla\automation-pl-wdio> npx playwright test

PS C:\Users\pilla\automation-pl-wdio> TerminatingError(): "The pipeline has been stopped."
>> TerminatingError(): "The pipeline has been stopped."
PS C:\Users\pilla\automation-pl-wdio> npx playwright install

PS C:\Users\pilla\automation-pl-wdio> npx playwright test

PS C:\Users\pilla\automation-pl-wdio> npx playwright showreport

PS C:\Users\pilla\automation-pl-wdio> npx playwright show-report

PS C:\Users\pilla\automation-pl-wdio> TerminatingError(): "The pipeline has been stopped."
>> TerminatingError(): "The pipeline has been stopped."
PS C:\Users\pilla\automation-pl-wdio> npx playwright --help

PS C:\Users\pilla\automation-pl-wdio> stop-transcript
**********************
Windows PowerShell transcript end
End time: 20240206135455
**********************
