**********************
Windows PowerShell transcript start
Start time: 20240206123808
Username: CORP\2000078207
RunAs User: CORP\2000078207
Configuration Name: 
Machine: LTCH-PG01JD1E (Microsoft Windows NT 10.0.19045.0)
Host Application: C:\Windows\System32\WindowsPowerShell\v1.0\powershell.exe
Process ID: 5752
PSVersion: 5.1.19041.3031
PSEdition: Desktop
PSCompatibleVersions: 1.0, 2.0, 3.0, 4.0, 5.0, 5.1.19041.3031
BuildVersion: 10.0.19041.3031
CLRVersion: 4.0.30319.42000
WSManStackVersion: 3.0
PSRemotingProtocolVersion: 2.3
SerializationVersion: 1.1.0.1
**********************
Transcript started, output file is tunir.log
PS C:\Users\2000078207\automation-pl-wdio> npm init playwright@latest
Getting started with writing end-to-end tests with Playwright:
Initializing project in '.'
√ Do you want to use TypeScript or JavaScript? · TypeScript
√ Where to put your end-to-end tests? · tests
√ Add a GitHub Actions workflow? (y/N) · false
√ Install Playwright browsers (can be done manually via 'npx playwright install')? (Y/n) · true
Installing Playwright Test (npm install --save-dev @playwright/test)…

up to date, audited 6 packages in 1s

found 0 vulnerabilities
Downloading browsers (npx playwright install)…
Downloading Firefox 121.0 (playwright build v1438) from https://playwright.azureedge.net/builds/firefox/1438/firefox-win
64.zip
80.9 MiB [====================] 100% 0.0s
Firefox 121.0 (playwright build v1438) downloaded to C:\Users\2000078207\AppData\Local\ms-playwright\firefox-1438
Downloading Webkit 17.4 (playwright build v1967) from https://playwright.azureedge.net/builds/webkit/1967/webkit-win64.z
ip
46.6 MiB [====================] 100% 0.0s
Webkit 17.4 (playwright build v1967) downloaded to C:\Users\2000078207\AppData\Local\ms-playwright\webkit-1967
Writing playwright.config.ts.
Writing tests\example.spec.ts.
Writing tests-examples\demo-todo-app.spec.ts.
Writing package.json.
✔ Success! Created a Playwright Test project at C:\Users\2000078207\automation-pl-wdio

Inside that directory, you can run several commands:

  npx playwright test
    Runs the end-to-end tests.

  npx playwright test --ui
    Starts the interactive UI mode.

  npx playwright test --project=chromium
    Runs the tests only on Desktop Chrome.

  npx playwright test example
    Runs the tests in a specific file.

  npx playwright test --debug
    Runs the tests in debug mode.

  npx playwright codegen
    Auto generate tests with Codegen.

We suggest that you begin by typing:

    npx playwright test

And check out the following files:
  - .\tests\example.spec.ts - Example end-to-end test
  - .\tests-examples\demo-todo-app.spec.ts - Demo Todo App end-to-end tests
  - .\playwright.config.ts - Playwright Test configuration

Visit https://playwright.dev/docs/intro for more information. ✨

Happy hacking! ��
PS C:\Users\2000078207\automation-pl-wdio> npx playwright tests
error: unknown command 'tests'
PS C:\Users\2000078207\automation-pl-wdio> npx playwright test

Running 6 tests using 4 workers
  6 passed (1.2m)

To open last HTML report run:

  npx playwright show-report
PS C:\Users\2000078207\automation-pl-wdio> code .

PS C:\Users\2000078207\automation-pl-wdio> Stop-Transcript
**********************
Windows PowerShell transcript end
End time: 20240206124705
**********************
